[2025-12-30 17:05:57.346] INFO : 🔍 Validating configuration...
[2025-12-30 17:05:57.363] INFO : ✅ Configuration validated
[2025-12-30 17:05:57.365] INFO : 🚀 Starting Deriv Multiplier Trading Bot...
[2025-12-30 17:05:57.366] INFO : Configuration | {
  "symbol": "R_100",
  "multiplier": 100,
  "riskPerTrade": "2.00%",
  "maxDailyLoss": "5.00%"
}
[2025-12-30 17:05:57.367] INFO : Connecting to Deriv API: wss://ws.derivws.com/websockets/v3?app_id=1089
[2025-12-30 17:05:58.430] INFO : ✅ WebSocket connected
[2025-12-30 17:05:58.431] INFO : 🔑 Authorizing...
[2025-12-30 17:05:58.433] INFO : ✅ Bot started successfully
[2025-12-30 17:05:58.790] INFO : ✅ Authorization successful | {
  "accountId": "VRTC14606511",
  "balance": 9710.95
}
[2025-12-30 17:05:59.077] INFO : ✅ Symbol loaded: Volatility 100 Index (R_100)
[2025-12-30 17:05:59.077] INFO : 📋 Loading contracts for R_100...
[2025-12-30 17:05:59.078] INFO : 💰 Current balance: 9710.95 USD
[2025-12-30 17:05:59.476] INFO : ✅ Contracts loaded for R_100
[2025-12-30 17:05:59.476] INFO : 📈 Subscribing to ticks: R_100
[2025-12-30 17:06:38.337] INFO : 🎯 Trade signal: MULTDOWN (RSI: 75.21, Strength: 3)
[2025-12-30 17:06:38.338] INFO : 📤 Requesting proposal | {
  "stake": null,
  "takeProfit": null,
  "stopLoss": null,
  "contractType": "MULTDOWN"
}
[2025-12-30 17:06:38.606] ERROR: API Error: Input validation failed: amount, symbol, limit_order/take_profit, limit_order/stop_loss | {
  "code": "InputValidationFailed",
  "details": {
    "amount": "Expected number - got null.",
    "limit_order/stop_loss": "Expected number - got null.",
    "limit_order/take_profit": "Expected number - got null.",
    "symbol": "Missing property."
  }
}
[2025-12-30 17:06:40.352] INFO : 🎯 Trade signal: MULTDOWN (RSI: 75.90, Strength: 4)
[2025-12-30 17:06:40.353] INFO : 📤 Requesting proposal | {
  "stake": null,
  "takeProfit": null,
  "stopLoss": null,
  "contractType": "MULTDOWN"
}
[2025-12-30 17:06:40.602] ERROR: API Error: Input validation failed: symbol, amount, limit_order/stop_loss, limit_order/take_profit | {
  "code": "InputValidationFailed",
  "details": {
    "amount": "Expected number - got null.",
    "limit_order/stop_loss": "Expected number - got null.",
    "limit_order/take_profit": "Expected number - got null.",
    "symbol": "Missing property."
  }
}
[2025-12-30 17:06:42.360] INFO : 🎯 Trade signal: MULTDOWN (RSI: 81.89, Strength: 5)
[2025-12-30 17:06:42.360] INFO : 📤 Requesting proposal | {
  "stake": null,
  "takeProfit": null,
  "stopLoss": null,
  "contractType": "MULTDOWN"
}
[2025-12-30 17:06:42.623] ERROR: API Error: Input validation failed: limit_order/stop_loss, limit_order/take_profit, symbol, amount | {
  "code": "InputValidationFailed",
  "details": {
    "amount": "Expected number - got null.",
    "limit_order/stop_loss": "Expected number - got null.",
    "limit_order/take_profit": "Expected number - got null.",
    "symbol": "Missing property."
  }
}
[2025-12-30 17:06:44.336] INFO : 🎯 Trade signal: MULTDOWN (RSI: 76.31, Strength: 6)
[2025-12-30 17:06:44.337] INFO : 📤 Requesting proposal | {
  "stake": null,
  "takeProfit": null,
  "stopLoss": null,
  "contractType": "MULTDOWN"
}
[2025-12-30 17:06:44.639] ERROR: API Error: Input validation failed: limit_order/stop_loss, limit_order/take_profit, symbol, amount | {
  "code": "InputValidationFailed",
  "details": {
    "amount": "Expected number - got null.",
    "limit_order/stop_loss": "Expected number - got null.",
    "limit_order/take_profit": "Expected number - got null.",
    "symbol": "Missing property."
  }
}
[2025-12-30 17:06:46.361] INFO : 🎯 Trade signal: MULTDOWN (RSI: 75.10, Strength: 7)
[2025-12-30 17:06:46.362] INFO : 📤 Requesting proposal | {
  "stake": null,
  "takeProfit": null,
  "stopLoss": null,
  "contractType": "MULTDOWN"
}
[2025-12-30 17:06:46.617] ERROR: API Error: Input validation failed: limit_order/stop_loss, limit_order/take_profit, amount, symbol | {
  "code": "InputValidationFailed",
  "details": {
    "amount": "Expected number - got null.",
    "limit_order/stop_loss": "Expected number - got null.",
    "limit_order/take_profit": "Expected number - got null.",
    "symbol": "Missing property."
  }
}
[2025-12-30 17:06:48.334] INFO : 🎯 Trade signal: MULTDOWN (RSI: 83.79, Strength: 8)
[2025-12-30 17:06:48.340] INFO : 📤 Requesting proposal | {
  "stake": null,
  "takeProfit": null,
  "stopLoss": null,
  "contractType": "MULTDOWN"
}
[2025-12-30 17:06:48.708] ERROR: API Error: Input validation failed: limit_order/take_profit, limit_order/stop_loss, symbol, amount | {
  "code": "InputValidationFailed",
  "details": {
    "amount": "Expected number - got null.",
    "limit_order/stop_loss": "Expected number - got null.",
    "limit_order/take_profit": "Expected number - got null.",
    "symbol": "Missing property."
  }
}
[2025-12-30 17:06:50.341] INFO : 🎯 Trade signal: MULTDOWN (RSI: 75.85, Strength: 9)
[2025-12-30 17:06:50.342] INFO : 📤 Requesting proposal | {
  "stake": null,
  "takeProfit": null,
  "stopLoss": null,
  "contractType": "MULTDOWN"
}
[2025-12-30 17:06:50.608] ERROR: API Error: Input validation failed: amount, symbol, limit_order/take_profit, limit_order/stop_loss | {
  "code": "InputValidationFailed",
  "details": {
    "amount": "Expected number - got null.",
    "limit_order/stop_loss": "Expected number - got null.",
    "limit_order/take_profit": "Expected number - got null.",
    "symbol": "Missing property."
  }
}
[2025-12-30 17:07:14.339] INFO : 🎯 Trade signal: MULTUP (RSI: 28.19, Strength: 3)
[2025-12-30 17:07:14.339] INFO : 📤 Requesting proposal | {
  "stake": null,
  "takeProfit": null,
  "stopLoss": null,
  "contractType": "MULTUP"
}
[2025-12-30 17:07:14.658] ERROR: API Error: Input validation failed: symbol, amount, limit_order/take_profit, limit_order/stop_loss | {
  "code": "InputValidationFailed",
  "details": {
    "amount": "Expected number - got null.",
    "limit_order/stop_loss": "Expected number - got null.",
    "limit_order/take_profit": "Expected number - got null.",
    "symbol": "Missing property."
  }
}
[2025-12-30 17:07:16.343] INFO : 🎯 Trade signal: MULTUP (RSI: 27.23, Strength: 4)
[2025-12-30 17:07:16.344] INFO : 📤 Requesting proposal | {
  "stake": null,
  "takeProfit": null,
  "stopLoss": null,
  "contractType": "MULTUP"
}
[2025-12-30 17:07:16.601] ERROR: API Error: Input validation failed: limit_order/take_profit, limit_order/stop_loss, amount, symbol | {
  "code": "InputValidationFailed",
  "details": {
    "amount": "Expected number - got null.",
    "limit_order/stop_loss": "Expected number - got null.",
    "limit_order/take_profit": "Expected number - got null.",
    "symbol": "Missing property."
  }
}
[2025-12-30 17:07:18.334] INFO : 🎯 Trade signal: MULTUP (RSI: 28.64, Strength: 5)
[2025-12-30 17:07:18.334] INFO : 📤 Requesting proposal | {
  "stake": null,
  "takeProfit": null,
  "stopLoss": null,
  "contractType": "MULTUP"
}
[2025-12-30 17:07:18.603] ERROR: API Error: Input validation failed: limit_order/take_profit, limit_order/stop_loss, amount, symbol | {
  "code": "InputValidationFailed",
  "details": {
    "amount": "Expected number - got null.",
    "limit_order/stop_loss": "Expected number - got null.",
    "limit_order/take_profit": "Expected number - got null.",
    "symbol": "Missing property."
  }
}
[2025-12-30 17:07:50.351] INFO : 🎯 Trade signal: MULTDOWN (RSI: 74.83, Strength: 3)
[2025-12-30 17:07:50.352] INFO : 📤 Requesting proposal | {
  "stake": null,
  "takeProfit": null,
  "stopLoss": null,
  "contractType": "MULTDOWN"
}
[2025-12-30 17:07:50.632] ERROR: API Error: Input validation failed: limit_order/take_profit, limit_order/stop_loss, symbol, amount | {
  "code": "InputValidationFailed",
  "details": {
    "amount": "Expected number - got null.",
    "limit_order/stop_loss": "Expected number - got null.",
    "limit_order/take_profit": "Expected number - got null.",
    "symbol": "Missing property."
  }
}
[2025-12-30 17:08:58.259] INFO : 🛑 Shutting down bot...
[2025-12-30 17:08:58.260] INFO : ═══════════════════════════════════════════════════
[2025-12-30 17:08:58.260] INFO : 📈 FINAL PERFORMANCE REPORT
[2025-12-30 17:08:58.261] INFO : ═══════════════════════════════════════════════════
[2025-12-30 17:08:58.261] INFO : Total Trades:     0
[2025-12-30 17:08:58.261] INFO : Wins:             0
[2025-12-30 17:08:58.262] INFO : Losses:           0
[2025-12-30 17:08:58.262] INFO : Win Rate:         0%
[2025-12-30 17:08:58.262] INFO : Daily P&L:        0.00 USD
[2025-12-30 17:08:58.262] INFO : Final Balance:    9710.95 USD
[2025-12-30 17:08:58.263] INFO : ═══════════════════════════════════════════════════
[2025-12-30 17:08:58.544] WARN : ⚠️ WebSocket disconnected
[2025-12-30 17:08:58.545] INFO : Reconnecting in 2s... (attempt 1/5)
[2025-12-30 17:09:00.265] INFO : 👋 Bot stopped. Goodbye!
[2025-12-30 17:15:26.812] INFO : 🔍 Validating configuration...
[2025-12-30 17:15:26.816] INFO : ✅ Configuration validated
[2025-12-30 17:15:26.817] INFO : 🚀 Starting Deriv Multiplier Trading Bot...
[2025-12-30 17:15:26.818] INFO : Configuration | {
  "symbol": "R_100",
  "multiplier": 100,
  "riskPerTrade": "2.00%",
  "maxDailyLoss": "5.00%"
}
[2025-12-30 17:15:26.818] INFO : Connecting to Deriv API: wss://ws.derivws.com/websockets/v3?app_id=1089
[2025-12-30 17:15:27.895] INFO : ✅ WebSocket connected
[2025-12-30 17:15:27.896] INFO : 🔑 Authorizing...
[2025-12-30 17:15:27.898] INFO : ✅ Bot started successfully
[2025-12-30 17:15:28.533] INFO : ✅ Authorization successful | {
  "accountId": "VRTC14606511",
  "balance": 9710.95
}
[2025-12-30 17:15:28.911] INFO : 💰 Current balance: 9710.95 USD
[2025-12-30 17:15:28.914] INFO : ✅ Symbol loaded: Volatility 100 Index (R_100)
[2025-12-30 17:15:28.916] INFO : 📋 Loading contracts for R_100...
[2025-12-30 17:15:29.737] INFO : ✅ Contracts loaded for R_100
[2025-12-30 17:15:29.738] INFO : 📈 Subscribing to ticks: R_100
[2025-12-30 17:18:30.364] INFO : 🎯 Trade signal: MULTDOWN (RSI: 73.66, Strength: 3)
[2025-12-30 17:18:30.365] INFO : 📤 Requesting proposal | {
  "symbol": "R_100",
  "stake": 100,
  "multiplier": 100,
  "takeProfit": 50,
  "stopLoss": 85,
  "contractType": "MULTDOWN"
}
[2025-12-30 17:18:30.650] ERROR: API Error: Invalid input (duration or date_expiry) for this contract type (MULTDOWN). | {
  "code": "ContractCreationFailure",
  "details": {
    "field": "duration"
  }
}
[2025-12-30 17:18:32.451] INFO : 🎯 Trade signal: MULTDOWN (RSI: 73.27, Strength: 4)
[2025-12-30 17:18:32.452] INFO : 📤 Requesting proposal | {
  "symbol": "R_100",
  "stake": 100,
  "multiplier": 100,
  "takeProfit": 50,
  "stopLoss": 85,
  "contractType": "MULTDOWN"
}
[2025-12-30 17:18:32.722] ERROR: API Error: Invalid input (duration or date_expiry) for this contract type (MULTDOWN). | {
  "code": "ContractCreationFailure",
  "details": {
    "field": "duration"
  }
}
[2025-12-30 17:18:34.407] INFO : 🎯 Trade signal: MULTDOWN (RSI: 77.78, Strength: 5)
[2025-12-30 17:18:34.407] INFO : 📤 Requesting proposal | {
  "symbol": "R_100",
  "stake": 100,
  "multiplier": 100,
  "takeProfit": 50,
  "stopLoss": 85,
  "contractType": "MULTDOWN"
}
[2025-12-30 17:18:34.733] ERROR: API Error: Invalid input (duration or date_expiry) for this contract type (MULTDOWN). | {
  "code": "ContractCreationFailure",
  "details": {
    "field": "duration"
  }
}
[2025-12-30 17:18:36.377] INFO : 🎯 Trade signal: MULTDOWN (RSI: 79.53, Strength: 6)
[2025-12-30 17:18:36.378] INFO : 📤 Requesting proposal | {
  "symbol": "R_100",
  "stake": 100,
  "multiplier": 100,
  "takeProfit": 50,
  "stopLoss": 85,
  "contractType": "MULTDOWN"
}
[2025-12-30 17:18:36.662] ERROR: API Error: Invalid input (duration or date_expiry) for this contract type (MULTDOWN). | {
  "code": "ContractCreationFailure",
  "details": {
    "field": "duration"
  }
}
[2025-12-30 17:18:37.071] INFO : 🛑 Shutting down bot...
[2025-12-30 17:18:37.072] INFO : ═══════════════════════════════════════════════════
[2025-12-30 17:18:37.072] INFO : 📈 FINAL PERFORMANCE REPORT
[2025-12-30 17:18:37.072] INFO : ═══════════════════════════════════════════════════
[2025-12-30 17:18:37.072] INFO : Total Trades:     0
[2025-12-30 17:18:37.073] INFO : Wins:             0
[2025-12-30 17:18:37.073] INFO : Losses:           0
[2025-12-30 17:18:37.073] INFO : Win Rate:         0%
[2025-12-30 17:18:37.073] INFO : Daily P&L:        0.00 USD
[2025-12-30 17:18:37.074] INFO : Final Balance:    9710.95 USD
[2025-12-30 17:18:37.074] INFO : ═══════════════════════════════════════════════════
[2025-12-30 17:18:37.407] WARN : ⚠️ WebSocket disconnected
[2025-12-30 17:18:37.408] INFO : Reconnecting in 2s... (attempt 1/5)
[2025-12-30 17:18:39.076] INFO : 👋 Bot stopped. Goodbye!
